[INFO] device=cuda, strategy=hybrid, epochs=20, seeds=[43, 44]

[DANN] strategy=hybrid, epochs=20, seed=43
  num_classes=18, source=17195, target=1568, test=1969
  Epoch 00: cls_loss=0.3551, dom_loss=1.2784, alpha=0.244
  Epoch 00: target_f1=0.2389, target_acc=0.2763
  Epoch 01: cls_loss=0.1668, dom_loss=1.3616, alpha=0.462
  Epoch 01: target_f1=0.2578, target_acc=0.2824
  Epoch 02: cls_loss=0.1326, dom_loss=1.3847, alpha=0.635
  Epoch 02: target_f1=0.2853, target_acc=0.3550
  Epoch 03: cls_loss=0.1101, dom_loss=1.3845, alpha=0.761
  Epoch 03: target_f1=0.2552, target_acc=0.2986
  Epoch 04: cls_loss=0.1033, dom_loss=1.3840, alpha=0.848
  Epoch 04: target_f1=0.2528, target_acc=0.2844
  Epoch 05: cls_loss=0.0888, dom_loss=1.3855, alpha=0.905
  Epoch 05: target_f1=0.2665, target_acc=0.3276
  Epoch 06: cls_loss=0.0807, dom_loss=1.3849, alpha=0.941
  Epoch 06: target_f1=0.2217, target_acc=0.2585
  Epoch 07: cls_loss=0.0854, dom_loss=1.3850, alpha=0.964
  Epoch 07: target_f1=0.1983, target_acc=0.2402
  Epoch 08: cls_loss=0.0694, dom_loss=1.3805, alpha=0.978
  Epoch 08: target_f1=0.2369, target_acc=0.2885
  Epoch 09: cls_loss=0.0672, dom_loss=1.3863, alpha=0.987
  Epoch 09: target_f1=0.2145, target_acc=0.2585
  Epoch 10: cls_loss=0.0645, dom_loss=1.3855, alpha=0.992
  Epoch 10: target_f1=0.2217, target_acc=0.2773
  Epoch 11: cls_loss=0.0515, dom_loss=1.3861, alpha=0.995
  Epoch 11: target_f1=0.2382, target_acc=0.2890
  Epoch 12: cls_loss=0.0593, dom_loss=1.3862, alpha=0.997
  Epoch 12: target_f1=0.1959, target_acc=0.2509
  Epoch 13: cls_loss=0.0526, dom_loss=1.3854, alpha=0.998
  Epoch 13: target_f1=0.2116, target_acc=0.2626
  Epoch 14: cls_loss=0.0420, dom_loss=1.3857, alpha=0.999
  Epoch 14: target_f1=0.2371, target_acc=0.2646
  Epoch 15: cls_loss=0.0569, dom_loss=1.3864, alpha=0.999
  Epoch 15: target_f1=0.2331, target_acc=0.2824
  Epoch 16: cls_loss=0.0373, dom_loss=1.3863, alpha=1.000
  Epoch 16: target_f1=0.2291, target_acc=0.2702
  Epoch 17: cls_loss=0.0502, dom_loss=1.3865, alpha=1.000
  Epoch 17: target_f1=0.2127, target_acc=0.2631
  Epoch 18: cls_loss=0.0420, dom_loss=1.3857, alpha=1.000
  Epoch 18: target_f1=0.2262, target_acc=0.2763
  Epoch 19: cls_loss=0.0369, dom_loss=1.3857, alpha=1.000
  Epoch 19: target_f1=0.2174, target_acc=0.2621
  [BEST] target_f1=0.2853, target_acc=0.3550 → models/dann_hybrid_seed43.pt

[DANN] strategy=hybrid, epochs=20, seed=44
  num_classes=18, source=17195, target=1568, test=1969
  Epoch 00: cls_loss=0.3591, dom_loss=1.2678, alpha=0.244
  Epoch 00: target_f1=0.2197, target_acc=0.2590
  Epoch 01: cls_loss=0.1770, dom_loss=1.3670, alpha=0.462
  Epoch 01: target_f1=0.2670, target_acc=0.3210
  Epoch 02: cls_loss=0.1340, dom_loss=1.3841, alpha=0.635
  Epoch 02: target_f1=0.2556, target_acc=0.3103
  Epoch 03: cls_loss=0.1053, dom_loss=1.3881, alpha=0.761
  Epoch 03: target_f1=0.2588, target_acc=0.3205
  Epoch 04: cls_loss=0.1070, dom_loss=1.3837, alpha=0.848
  Epoch 04: target_f1=0.2270, target_acc=0.2793
  Epoch 05: cls_loss=0.0866, dom_loss=1.3857, alpha=0.905
  Epoch 05: target_f1=0.2391, target_acc=0.2844
  Epoch 06: cls_loss=0.0881, dom_loss=1.3821, alpha=0.941
  Epoch 06: target_f1=0.2282, target_acc=0.2687
  Epoch 07: cls_loss=0.0825, dom_loss=1.3863, alpha=0.964
  Epoch 07: target_f1=0.2474, target_acc=0.2834
  Epoch 08: cls_loss=0.0663, dom_loss=1.3856, alpha=0.978
  Epoch 08: target_f1=0.2334, target_acc=0.2773
  Epoch 09: cls_loss=0.0657, dom_loss=1.3855, alpha=0.987
  Epoch 09: target_f1=0.2192, target_acc=0.2661
  Epoch 10: cls_loss=0.0677, dom_loss=1.3857, alpha=0.992
  Epoch 10: target_f1=0.2241, target_acc=0.2661
  Epoch 11: cls_loss=0.0549, dom_loss=1.3853, alpha=0.995
  Epoch 11: target_f1=0.2283, target_acc=0.2707
  Epoch 12: cls_loss=0.0525, dom_loss=1.3858, alpha=0.997
  Epoch 12: target_f1=0.2588, target_acc=0.2981
  Epoch 13: cls_loss=0.0541, dom_loss=1.3867, alpha=0.998
  Epoch 13: target_f1=0.2012, target_acc=0.2255
  Epoch 14: cls_loss=0.0535, dom_loss=1.3866, alpha=0.999
  Epoch 14: target_f1=0.2195, target_acc=0.2748
  Epoch 15: cls_loss=0.0522, dom_loss=1.3864, alpha=0.999
  Epoch 15: target_f1=0.1547, target_acc=0.2087
  Epoch 16: cls_loss=0.0472, dom_loss=1.3853, alpha=1.000
  Epoch 16: target_f1=0.2109, target_acc=0.2504
  Epoch 17: cls_loss=0.0452, dom_loss=1.3866, alpha=1.000
  Epoch 17: target_f1=0.2036, target_acc=0.2661
  Epoch 18: cls_loss=0.0440, dom_loss=1.3863, alpha=1.000
  Epoch 18: target_f1=0.1653, target_acc=0.2169
  Epoch 19: cls_loss=0.0389, dom_loss=1.3863, alpha=1.000
  Epoch 19: target_f1=0.1949, target_acc=0.2463
  [BEST] target_f1=0.2670, target_acc=0.3210 → models/dann_hybrid_seed44.pt

=== DANN RESULTS (hybrid, 2 seeds) ===
Target Macro-F1: 0.2762 ± 0.0091
Target Accuracy: 0.338

[SAVED] experiments/E2_dann/dann_results.json
[SAVED] experiments/E2_dann/dann_vs_coral_comparison.csv

Comparison table:
              method  target_accuracy target_macro_f1
Baseline (ResNet-50)           0.1913          0.1555
       CORAL (λ=0.1)              NaN          0.1869
   DANN (mean ± std)           0.3380   0.2762±0.0091
