[1m============================================================[0m
[1m ECCV 2026 Full Pipeline[0m
[1m Plant Disease Recognition + Domain Adaptation + Edge Deploy[0m
[1m============================================================[0m
  Phases:     6 -> 8
  Strategies: hybrid Fuzzy sbert
  Target:     plantdoc
  Server:     http://192.168.1.4:8000
  Log:        logs/pipeline_20260208_164952.log
  Dry run:    false


[1m[0;36m################################################################[0m
[1m[0;36m# PHASE 6: EdgeTPU Compilation[0m
[1m[0;36m################################################################[0m

[0;32m[STEP 1][0m Compile EdgeTPU models (all)
==============================================
EdgeTPU Model Compilation
==============================================
Edge TPU Compiler version 16.0.384591198

Models to compile: 12
  - mobilenetv2_int8_ptq_hybrid.tflite
  - mobilenetv2_int8_ptq_Fuzzy.tflite
  - mobilenetv2_int8_ptq_sbert.tflite
  - mobilenetv1_int8_ptq_hybrid.tflite
  - mobilenetv1_int8_ptq_Fuzzy.tflite
  - mobilenetv1_int8_ptq_sbert.tflite
  - efficientnet_lite0_int8_ptq_hybrid.tflite
  - efficientnet_lite0_int8_ptq_Fuzzy.tflite
  - efficientnet_lite0_int8_ptq_sbert.tflite
  - resnet50_int8_ptq_hybrid.tflite
  - resnet50_int8_ptq_Fuzzy.tflite
  - resnet50_int8_ptq_sbert.tflite

[SKIP] export/edgetpu/mobilenetv2_int8_ptq_hybrid_edgetpu.tflite already exists (2.8M)
[SKIP] export/edgetpu/mobilenetv2_int8_ptq_Fuzzy_edgetpu.tflite already exists (2.8M)
[SKIP] export/edgetpu/mobilenetv2_int8_ptq_sbert_edgetpu.tflite already exists (2.8M)
[SKIP] export/edgetpu/mobilenetv1_int8_ptq_hybrid_edgetpu.tflite already exists (3.5M)
[SKIP] export/edgetpu/mobilenetv1_int8_ptq_Fuzzy_edgetpu.tflite already exists (3.5M)
[SKIP] export/edgetpu/mobilenetv1_int8_ptq_sbert_edgetpu.tflite already exists (3.5M)
[SKIP] export/edgetpu/efficientnet_lite0_int8_ptq_hybrid_edgetpu.tflite already exists (4.3M)
[SKIP] export/edgetpu/efficientnet_lite0_int8_ptq_Fuzzy_edgetpu.tflite already exists (4.3M)
[SKIP] export/edgetpu/efficientnet_lite0_int8_ptq_sbert_edgetpu.tflite already exists (4.3M)
[SKIP] export/edgetpu/resnet50_int8_ptq_hybrid_edgetpu.tflite already exists (23M)
[SKIP] export/edgetpu/resnet50_int8_ptq_Fuzzy_edgetpu.tflite already exists (23M)
[SKIP] export/edgetpu/resnet50_int8_ptq_sbert_edgetpu.tflite already exists (23M)
==============================================
Summary
==============================================
Compiled: 0
Skipped:  12
Failed:   0

EdgeTPU models in: export/edgetpu/
-rw-rw-r-- 1 nkolesnikov nkolesnikov  4444768 Feb  8 15:39 export/edgetpu/efficientnet_lite0_int8_ptq_Fuzzy_edgetpu.tflite
-rw-rw-r-- 1 nkolesnikov nkolesnikov  4465248 Feb  8 15:39 export/edgetpu/efficientnet_lite0_int8_ptq_hybrid_edgetpu.tflite
-rw-rw-r-- 1 nkolesnikov nkolesnikov  4444768 Feb  8 15:39 export/edgetpu/efficientnet_lite0_int8_ptq_sbert_edgetpu.tflite
-rw-rw-r-- 1 nkolesnikov nkolesnikov  3592800 Feb  8 15:39 export/edgetpu/mobilenetv1_int8_ptq_Fuzzy_edgetpu.tflite
-rw-rw-r-- 1 nkolesnikov nkolesnikov  3609184 Feb  8 15:39 export/edgetpu/mobilenetv1_int8_ptq_hybrid_edgetpu.tflite
-rw-rw-r-- 1 nkolesnikov nkolesnikov  3592800 Feb  8 15:39 export/edgetpu/mobilenetv1_int8_ptq_sbert_edgetpu.tflite
-rw-rw-r-- 1 nkolesnikov nkolesnikov  2855552 Feb  8 15:39 export/edgetpu/mobilenetv2_int8_ptq_Fuzzy_edgetpu.tflite
-rw-rw-r-- 1 nkolesnikov nkolesnikov  2876032 Feb  8 16:45 export/edgetpu/mobilenetv2_int8_ptq_hybrid_edgetpu.tflite
-rw-rw-r-- 1 nkolesnikov nkolesnikov  2855552 Feb  8 15:39 export/edgetpu/mobilenetv2_int8_ptq_sbert_edgetpu.tflite
-rw-rw-r-- 1 nkolesnikov nkolesnikov 24011360 Feb  8 15:39 export/edgetpu/resnet50_int8_ptq_Fuzzy_edgetpu.tflite
-rw-rw-r-- 1 nkolesnikov nkolesnikov 24044128 Feb  8 15:39 export/edgetpu/resnet50_int8_ptq_hybrid_edgetpu.tflite
-rw-rw-r-- 1 nkolesnikov nkolesnikov 24011360 Feb  8 15:39 export/edgetpu/resnet50_int8_ptq_sbert_edgetpu.tflite

[1m[0;36m################################################################[0m
[1m[0;36m# PHASE 7: Edge-Bench: Upload Models and Run Benchmarks[0m
[1m[0;36m################################################################[0m

[0;32m[STEP 2][0m Upload models to Edge-Bench
Edge-Bench Model Uploader
Server: http://192.168.1.4:8000
Models: export

Server: OK
Found 42 model(s):
  efficientnet_int8_ptq_Fuzzy.tflite (11.7 MB)
  efficientnet_int8_ptq_hybrid.tflite (11.7 MB)
  efficientnet_int8_ptq_sbert.tflite (11.7 MB)
  efficientnet_lite0_int8_ptq_Fuzzy.tflite (3.8 MB)
  efficientnet_lite0_int8_ptq_Fuzzy_edgetpu.tflite (4.2 MB)
  efficientnet_lite0_int8_ptq_hybrid.tflite (3.8 MB)
  efficientnet_lite0_int8_ptq_hybrid_edgetpu.tflite (4.3 MB)
  efficientnet_lite0_int8_ptq_sbert.tflite (3.8 MB)
  efficientnet_lite0_int8_ptq_sbert_edgetpu.tflite (4.2 MB)
  mobilenetv1_int8_ptq_Fuzzy.tflite (3.4 MB)
  mobilenetv1_int8_ptq_Fuzzy_edgetpu.tflite (3.4 MB)
  mobilenetv1_int8_ptq_hybrid.tflite (3.4 MB)
  mobilenetv1_int8_ptq_hybrid_edgetpu.tflite (3.4 MB)
  mobilenetv1_int8_ptq_sbert.tflite (3.4 MB)
  mobilenetv1_int8_ptq_sbert_edgetpu.tflite (3.4 MB)
  mobilenetv2_int8_ptq_Fuzzy.tflite (2.6 MB)
  mobilenetv2_int8_ptq_hybrid.tflite (2.6 MB)
  mobilenetv2_int8_ptq_sbert.tflite (2.6 MB)
  model_fp32_Fuzzy.tflite (89.6 MB)
  model_fp32_hybrid.tflite (89.7 MB)
  model_fp32_sbert.tflite (89.6 MB)
  model_int8_ptq_Fuzzy.tflite (23.1 MB)
  model_int8_ptq_hybrid.tflite (23.1 MB)
  model_int8_ptq_sbert.tflite (23.1 MB)
  resnet50_int8_ptq_Fuzzy.tflite (23.1 MB)
  resnet50_int8_ptq_Fuzzy_edgetpu.tflite (22.8 MB)
  resnet50_int8_ptq_hybrid.tflite (23.1 MB)
  resnet50_int8_ptq_hybrid_edgetpu.tflite (22.8 MB)
  resnet50_int8_ptq_sbert.tflite (23.1 MB)
  resnet50_int8_ptq_sbert_edgetpu.tflite (22.8 MB)
  efficientnet_lite0_int8_ptq_Fuzzy_edgetpu.tflite (4.2 MB)
  efficientnet_lite0_int8_ptq_hybrid_edgetpu.tflite (4.3 MB)
  efficientnet_lite0_int8_ptq_sbert_edgetpu.tflite (4.2 MB)
  mobilenetv1_int8_ptq_Fuzzy_edgetpu.tflite (3.4 MB)
  mobilenetv1_int8_ptq_hybrid_edgetpu.tflite (3.4 MB)
  mobilenetv1_int8_ptq_sbert_edgetpu.tflite (3.4 MB)
  mobilenetv2_int8_ptq_Fuzzy_edgetpu.tflite (2.7 MB)
  mobilenetv2_int8_ptq_hybrid_edgetpu.tflite (2.7 MB)
  mobilenetv2_int8_ptq_sbert_edgetpu.tflite (2.7 MB)
  resnet50_int8_ptq_Fuzzy_edgetpu.tflite (22.9 MB)
  resnet50_int8_ptq_hybrid_edgetpu.tflite (22.9 MB)
  resnet50_int8_ptq_sbert_edgetpu.tflite (22.9 MB)

Existing models on server: 0
  Uploading efficientnet_int8_ptq_Fuzzy.tflite... OK
  Uploading efficientnet_int8_ptq_hybrid.tflite... OK
  Uploading efficientnet_int8_ptq_sbert.tflite... OK
  Uploading efficientnet_lite0_int8_ptq_Fuzzy.tflite... OK
  Uploading efficientnet_lite0_int8_ptq_Fuzzy_edgetpu.tflite... OK
  Uploading efficientnet_lite0_int8_ptq_hybrid.tflite... OK
  Uploading efficientnet_lite0_int8_ptq_hybrid_edgetpu.tflite... OK
  Uploading efficientnet_lite0_int8_ptq_sbert.tflite... OK
  Uploading efficientnet_lite0_int8_ptq_sbert_edgetpu.tflite... OK
  Uploading mobilenetv1_int8_ptq_Fuzzy.tflite... OK
  Uploading mobilenetv1_int8_ptq_Fuzzy_edgetpu.tflite... OK
  Uploading mobilenetv1_int8_ptq_hybrid.tflite... OK
  Uploading mobilenetv1_int8_ptq_hybrid_edgetpu.tflite... OK
  Uploading mobilenetv1_int8_ptq_sbert.tflite... OK
  Uploading mobilenetv1_int8_ptq_sbert_edgetpu.tflite... OK
  Uploading mobilenetv2_int8_ptq_Fuzzy.tflite... OK
  Uploading mobilenetv2_int8_ptq_hybrid.tflite... OK
  Uploading mobilenetv2_int8_ptq_sbert.tflite... OK
  Uploading model_fp32_Fuzzy.tflite... OK
  Uploading model_fp32_hybrid.tflite... OK
  Uploading model_fp32_sbert.tflite... OK
  Uploading model_int8_ptq_Fuzzy.tflite... OK
  Uploading model_int8_ptq_hybrid.tflite... OK
  Uploading model_int8_ptq_sbert.tflite... OK
  Uploading resnet50_int8_ptq_Fuzzy.tflite... OK
  Uploading resnet50_int8_ptq_Fuzzy_edgetpu.tflite... OK
  Uploading resnet50_int8_ptq_hybrid.tflite... OK
  Uploading resnet50_int8_ptq_hybrid_edgetpu.tflite... OK
  Uploading resnet50_int8_ptq_sbert.tflite... OK
  Uploading resnet50_int8_ptq_sbert_edgetpu.tflite... OK
  Uploading efficientnet_lite0_int8_ptq_Fuzzy_edgetpu.tflite... OK
  Uploading efficientnet_lite0_int8_ptq_hybrid_edgetpu.tflite... OK
  Uploading efficientnet_lite0_int8_ptq_sbert_edgetpu.tflite... OK
  Uploading mobilenetv1_int8_ptq_Fuzzy_edgetpu.tflite... OK
  Uploading mobilenetv1_int8_ptq_hybrid_edgetpu.tflite... OK
  Uploading mobilenetv1_int8_ptq_sbert_edgetpu.tflite... OK
  Uploading mobilenetv2_int8_ptq_Fuzzy_edgetpu.tflite... OK
  Uploading mobilenetv2_int8_ptq_hybrid_edgetpu.tflite... OK
  Uploading mobilenetv2_int8_ptq_sbert_edgetpu.tflite... OK
  Uploading resnet50_int8_ptq_Fuzzy_edgetpu.tflite... OK
  Uploading resnet50_int8_ptq_hybrid_edgetpu.tflite... OK
  Uploading resnet50_int8_ptq_sbert_edgetpu.tflite... OK

==================================================
Результаты загрузки (42 моделей)
==================================================

  Загружено: 42
    + efficientnet_int8_ptq_Fuzzy.tflite
    + efficientnet_int8_ptq_hybrid.tflite
    + efficientnet_int8_ptq_sbert.tflite
    + efficientnet_lite0_int8_ptq_Fuzzy.tflite
    + efficientnet_lite0_int8_ptq_Fuzzy_edgetpu.tflite
    + efficientnet_lite0_int8_ptq_hybrid.tflite
    + efficientnet_lite0_int8_ptq_hybrid_edgetpu.tflite
    + efficientnet_lite0_int8_ptq_sbert.tflite
    + efficientnet_lite0_int8_ptq_sbert_edgetpu.tflite
    + mobilenetv1_int8_ptq_Fuzzy.tflite
    + mobilenetv1_int8_ptq_Fuzzy_edgetpu.tflite
    + mobilenetv1_int8_ptq_hybrid.tflite
    + mobilenetv1_int8_ptq_hybrid_edgetpu.tflite
    + mobilenetv1_int8_ptq_sbert.tflite
    + mobilenetv1_int8_ptq_sbert_edgetpu.tflite
    + mobilenetv2_int8_ptq_Fuzzy.tflite
    + mobilenetv2_int8_ptq_hybrid.tflite
    + mobilenetv2_int8_ptq_sbert.tflite
    + model_fp32_Fuzzy.tflite
    + model_fp32_hybrid.tflite
    + model_fp32_sbert.tflite
    + model_int8_ptq_Fuzzy.tflite
    + model_int8_ptq_hybrid.tflite
    + model_int8_ptq_sbert.tflite
    + resnet50_int8_ptq_Fuzzy.tflite
    + resnet50_int8_ptq_Fuzzy_edgetpu.tflite
    + resnet50_int8_ptq_hybrid.tflite
    + resnet50_int8_ptq_hybrid_edgetpu.tflite
    + resnet50_int8_ptq_sbert.tflite
    + resnet50_int8_ptq_sbert_edgetpu.tflite
    + efficientnet_lite0_int8_ptq_Fuzzy_edgetpu_1.tflite
    + efficientnet_lite0_int8_ptq_hybrid_edgetpu_1.tflite
    + efficientnet_lite0_int8_ptq_sbert_edgetpu_1.tflite
    + mobilenetv1_int8_ptq_Fuzzy_edgetpu_1.tflite
    + mobilenetv1_int8_ptq_hybrid_edgetpu_1.tflite
    + mobilenetv1_int8_ptq_sbert_edgetpu_1.tflite
    + mobilenetv2_int8_ptq_Fuzzy_edgetpu.tflite
    + mobilenetv2_int8_ptq_hybrid_edgetpu.tflite
    + mobilenetv2_int8_ptq_sbert_edgetpu.tflite
    + resnet50_int8_ptq_Fuzzy_edgetpu_1.tflite
    + resnet50_int8_ptq_hybrid_edgetpu_1.tflite
    + resnet50_int8_ptq_sbert_edgetpu_1.tflite

[0;32m[STEP 3][0m Run Edge-Bench experiments (upload-only if no device)
[INFO] Checking server: http://192.168.1.4:8000
[OK] Server is running

[INFO] Found 6 model(s) to upload
  Uploading: mobilenetv2_int8_ptq_hybrid.tflite... [OK]
  Uploading: mobilenetv2_int8_ptq_hybrid_edgetpu.tflite... [OK]
  Uploading: mobilenetv2_int8_ptq_Fuzzy.tflite... [OK]
  Uploading: mobilenetv2_int8_ptq_Fuzzy_edgetpu.tflite... [OK]
  Uploading: mobilenetv2_int8_ptq_sbert.tflite... [OK]
  Uploading: mobilenetv2_int8_ptq_sbert_edgetpu.tflite... [OK]

[OK] Uploaded 6 model(s)

[1m[0;36m################################################################[0m
[1m[0;36m# PHASE 8: Results Collection and Final Plots[0m
[1m[0;36m################################################################[0m

[0;32m[STEP 4][0m Fetch Edge-Bench results
============================================================
Step 11.1: Fetch Edge-Bench Results
============================================================
Server:  http://192.168.1.4:8000
Output:  results/edgebench

Server: OK
Fetching results...
  Total results: 68
  Saved: results/edgebench/raw_results.json
  Saved: results/edgebench/raw_results.csv

============================================================
Summary
============================================================
  Architectures: ['efficientnet', 'efficientnet_lite0', 'mobilenetv1', 'mobilenetv2', 'model_fp32_hybrid.tflite', 'resnet50']
  Strategies:    ['Fuzzy', 'hybrid', 'sbert', 'unknown']
  Backends:      ['cpu', 'edgetpu']
  Devices:       ['raspberrypi']
  Total rows:    68

                                  count  avg_latency  avg_fps
architecture             backend                             
efficientnet             cpu          6       129.85     7.70
efficientnet_lite0       cpu          6        32.44    30.83
                         edgetpu      6         7.11   140.79
mobilenetv1              cpu          6        29.39    34.02
                         edgetpu      6         5.27   189.92
mobilenetv2              cpu         17        38.39    26.05
                         edgetpu      8        34.69   115.77
model_fp32_hybrid.tflite cpu          1       489.71     2.04
                         edgetpu      1       857.83     1.17
resnet50                 cpu          6       187.04     5.35
                         edgetpu      5        56.19    17.80

Fetching experiment list...
  Saved: results/edgebench/experiments.json
  Experiments by status: {'failed': 1, 'completed': 68}

Done at 2026-02-08 16:49
[0;32m[STEP 5][0m Build T4 from Edge-Bench
============================================================
Step 11.2: Build Table T4 from Edge-Bench
============================================================
Loaded 68 results from results/edgebench/raw_results.csv

Main table saved: results/T4_edgebench.csv

============================================================
Table T4: Edge Deployment Performance
============================================================
arch_display strategy backend  latency_mean  latency_p95        fps  model_size_mb
 MobileNetV2   hybrid     cpu     38.396750    39.967000  26.045000           2.56
 MobileNetV2   hybrid edgetpu     18.558833    19.212667 150.355000           2.74
 MobileNetV2    Fuzzy     cpu     38.386167    40.196833  26.051667           2.55
 MobileNetV2    Fuzzy edgetpu     83.028000    84.841000  12.040000           2.55
 MobileNetV2    sbert     cpu     38.384400    40.127200  26.052000           2.55
 MobileNetV2    sbert edgetpu     83.164000    84.862000  12.020000           2.55
 MobileNetV1   hybrid     cpu     29.298000    30.944000  34.130000           3.36
 MobileNetV1   hybrid edgetpu      5.264000     5.558500 190.170000           3.44
 MobileNetV1    Fuzzy     cpu     29.318000    30.795500  34.105000           3.36
 MobileNetV1    Fuzzy edgetpu      5.262500     5.630000 190.225000           3.43
 MobileNetV1    sbert     cpu     29.568000    30.879500  33.820000           3.36
 MobileNetV1    sbert edgetpu      5.287000     5.659500 189.350000           3.43
EffNet-Lite0   hybrid     cpu     32.473000    33.906000  30.795000           3.79
EffNet-Lite0   hybrid edgetpu      7.116500     7.368500 140.580000           4.26
EffNet-Lite0    Fuzzy     cpu     32.414500    33.808500  30.855000           3.79
EffNet-Lite0    Fuzzy edgetpu      7.101500     7.351500 140.875000           4.24
EffNet-Lite0    sbert     cpu     32.433500    33.679000  30.835000           3.79
EffNet-Lite0    sbert edgetpu      7.098000     7.354500 140.930000           4.24
   ResNet-50   hybrid     cpu    187.108500   191.228500   5.345000          23.06
   ResNet-50   hybrid edgetpu     56.104000    56.521500  17.825000          22.83
   ResNet-50    Fuzzy     cpu    186.159000   190.978000   5.375000          23.05
   ResNet-50    Fuzzy edgetpu     56.262500    56.678000  17.775000          22.80
   ResNet-50    sbert     cpu    187.860000   193.015500   5.320000          23.05
   ResNet-50    sbert edgetpu     56.225000    56.627000  17.790000          22.80
   EffNet-B3   hybrid     cpu    129.805500   132.042000   7.705000          11.72
   EffNet-B3    Fuzzy     cpu    129.995500   132.446500   7.695000          11.71
   EffNet-B3    sbert     cpu    129.739000   132.370500   7.710000          11.71
         NaN  unknown     cpu    489.710000   496.674000   2.040000          89.66
         NaN  unknown edgetpu    857.834000   875.524000   1.170000          89.66

Speedup table saved: results/T4_speedup.csv

============================================================
EdgeTPU Speedup vs CPU
============================================================
arch_display strategy  cpu_latency_ms  edgetpu_latency_ms  speedup_x  cpu_fps  edgetpu_fps
 MobileNetV2   hybrid           38.40               18.56       2.07     26.0        150.4
 MobileNetV2    Fuzzy           38.39               83.03       0.46     26.1         12.0
 MobileNetV2    sbert           38.38               83.16       0.46     26.1         12.0
 MobileNetV1   hybrid           29.30                5.26       5.57     34.1        190.2
 MobileNetV1    Fuzzy           29.32                5.26       5.57     34.1        190.2
 MobileNetV1    sbert           29.57                5.29       5.59     33.8        189.4
EffNet-Lite0   hybrid           32.47                7.12       4.56     30.8        140.6
EffNet-Lite0    Fuzzy           32.41                7.10       4.56     30.9        140.9
EffNet-Lite0    sbert           32.43                7.10       4.57     30.8        140.9
   ResNet-50   hybrid          187.11               56.10       3.34      5.3         17.8
   ResNet-50    Fuzzy          186.16               56.26       3.31      5.4         17.8
   ResNet-50    sbert          187.86               56.22       3.34      5.3         17.8

============================================================
Average Speedup by Architecture
============================================================
              mean_speedup  mean_fps_gain
arch_display                             
EffNet-Lite0          4.56           4.57
MobileNetV1           5.58           5.58
MobileNetV2           1.00           2.23
ResNet-50             3.33           3.33
LaTeX saved: results/T4_edgebench.tex

============================================================
Coverage Matrix
============================================================
strategy                  Fuzzy         hybrid          sbert         unknown        
backend                     cpu edgetpu    cpu edgetpu    cpu edgetpu     cpu edgetpu
architecture                                                                         
efficientnet              130.0     NaN  129.8     NaN  129.7     NaN     NaN     NaN
efficientnet_lite0         32.4     7.1   32.5     7.1   32.4     7.1     NaN     NaN
mobilenetv1                29.3     5.3   29.3     5.3   29.6     5.3     NaN     NaN
mobilenetv2                38.4    83.0   38.4    18.6   38.4    83.2     NaN     NaN
model_fp32_hybrid.tflite    NaN     NaN    NaN     NaN    NaN     NaN   489.7   857.8
resnet50                  186.2    56.3  187.1    56.1  187.9    56.2     NaN     NaN

Expected: 27 combinations, Got: 29
[0;32m[STEP 6][0m Plot Edge-Bench analysis (F7-F10)
============================================================
Step 11.3: Generate Edge-Bench Analysis Figures
============================================================
Data: 29 rows
Architectures: ['efficientnet', 'efficientnet_lite0', 'mobilenetv1', 'mobilenetv2', 'model_fp32_hybrid.tflite', 'resnet50']
Strategies:    ['Fuzzy', 'hybrid', 'sbert', 'unknown']
Backends:      ['cpu', 'edgetpu']

Generating figures...
Saved: figures/F7_latency_comparison.pdf
Saved: figures/F8_throughput_comparison.pdf
Saved: figures/F9_speedup_heatmap.pdf
Saved: figures/F10_size_vs_latency.pdf

All figures saved to figures/

[1m================================================================[0m
[1m PIPELINE COMPLETE[0m
[1m================================================================[0m

  Steps run:     6
  [0;32mSucceeded:[0m    6
  [0;31mFailed:[0m       0
  [0;33mSkipped:[0m      0
  Log:           logs/pipeline_20260208_164952.log

Key result files:
  [0;32m[OK][0m results/baseline_pv_metrics.csv
  [0;32m[OK][0m results/T1_domain_shift.csv
  [0;32m[OK][0m results/T2_coral_sweep_hybrid.csv
  [0;32m[OK][0m results/T3_quant_fp32_vs_int8_hybrid.csv
  [0;32m[OK][0m results/T5_ablation.csv
  [0;32m[OK][0m results/T6_per_class_f1_hybrid.csv
  [0;32m[OK][0m results/T7_sota.csv
  [0;32m[OK][0m results/edgebench/raw_results.csv
  [0;32m[OK][0m results/T4_edgebench.csv
  [0;32m[OK][0m results/T4_edgebench.tex

Key figures:
  [0;32m[OK][0m figures/F2_f1_vs_lambda_hybrid.png
  [0;32m[OK][0m figures/F3_tsne_baseline_hybrid.png
  [0;32m[OK][0m figures/F3_tsne_coral_hybrid.png
  [0;32m[OK][0m figures/F4_quant_tradeoff_hybrid.png
  [0;32m[OK][0m figures/F5_latency_comparison.png
  [0;32m[OK][0m figures/F7_latency_comparison.pdf
  [0;32m[OK][0m figures/F8_throughput_comparison.pdf
  [0;32m[OK][0m figures/F9_speedup_heatmap.pdf
  [0;32m[OK][0m figures/F10_size_vs_latency.pdf

TFLite models:
  INT8 TFLite:  30
  EdgeTPU:      12

[0;32mAll steps completed successfully.[0m
